[2025-07-15 06:07:24Z INFO HostContext] No proxy settings were found based on environmental variables (http_proxy/https_proxy/HTTP_PROXY/HTTPS_PROXY)
[2025-07-15 06:07:24Z INFO HostContext] Well known directory 'Bin': '/home/kali/Desktop/Hacking/github-action-fs/actions-runner/bin'
[2025-07-15 06:07:24Z INFO HostContext] Well known directory 'Root': '/home/kali/Desktop/Hacking/github-action-fs/actions-runner'
[2025-07-15 06:07:24Z INFO HostContext] Well known config file 'Credentials': '/home/kali/Desktop/Hacking/github-action-fs/actions-runner/.credentials'
[2025-07-15 06:07:24Z INFO HostContext] Well known directory 'Bin': '/home/kali/Desktop/Hacking/github-action-fs/actions-runner/bin'
[2025-07-15 06:07:24Z INFO HostContext] Well known directory 'Root': '/home/kali/Desktop/Hacking/github-action-fs/actions-runner'
[2025-07-15 06:07:24Z INFO HostContext] Well known config file 'Runner': '/home/kali/Desktop/Hacking/github-action-fs/actions-runner/.runner'
[2025-07-15 06:07:24Z INFO Listener] Runner is built for Linux (X64) - linux-x64.
[2025-07-15 06:07:24Z INFO Listener] RuntimeInformation: Kali GNU/Linux Rolling.
[2025-07-15 06:07:24Z INFO Listener] Version: 2.326.0
[2025-07-15 06:07:24Z INFO Listener] Commit: de0233c4d64676d8ebd16074221ae1e0e0bf2a13
[2025-07-15 06:07:24Z INFO Listener] Culture: en-US
[2025-07-15 06:07:24Z INFO Listener] UI Culture: en-US
[2025-07-15 06:07:24Z INFO HostContext] Well known directory 'Bin': '/home/kali/Desktop/Hacking/github-action-fs/actions-runner/bin'
[2025-07-15 06:07:24Z INFO HostContext] Well known directory 'Root': '/home/kali/Desktop/Hacking/github-action-fs/actions-runner'
[2025-07-15 06:07:24Z INFO Listener] Validating directory permissions for: '/home/kali/Desktop/Hacking/github-action-fs/actions-runner'
[2025-07-15 06:07:24Z INFO CommandLineParser] Parse
[2025-07-15 06:07:24Z INFO CommandLineParser] Parsing 5 args
[2025-07-15 06:07:24Z INFO CommandLineParser] parsing argument
[2025-07-15 06:07:25Z INFO CommandLineParser] HasArgs: False
[2025-07-15 06:07:25Z INFO CommandLineParser] Adding Command: configure
[2025-07-15 06:07:25Z INFO CommandLineParser] parsing argument
[2025-07-15 06:07:25Z INFO CommandLineParser] HasArgs: True
[2025-07-15 06:07:25Z INFO CommandLineParser] arg: url
[2025-07-15 06:07:25Z INFO CommandLineParser] parsing argument
[2025-07-15 06:07:25Z INFO CommandLineParser] HasArgs: True
[2025-07-15 06:07:25Z INFO CommandLineParser] Adding option 'url': 'https://github.com/Abdullah723669-cmk/github-action-fs'
[2025-07-15 06:07:25Z INFO CommandLineParser] parsing argument
[2025-07-15 06:07:25Z INFO CommandLineParser] HasArgs: True
[2025-07-15 06:07:25Z INFO CommandLineParser] arg: token
[2025-07-15 06:07:25Z INFO CommandLineParser] parsing argument
[2025-07-15 06:07:25Z INFO CommandLineParser] HasArgs: True
[2025-07-15 06:07:25Z INFO CommandLineParser] Adding option 'token': '***'
[2025-07-15 06:07:25Z INFO Listener] Arguments parsed
[2025-07-15 06:07:25Z INFO Runner] ExecuteCommand
[2025-07-15 06:07:25Z INFO ConfigurationStore] currentAssemblyLocation: /home/kali/Desktop/Hacking/github-action-fs/actions-runner/bin/Runner.Listener.dll
[2025-07-15 06:07:25Z INFO HostContext] Well known directory 'Bin': '/home/kali/Desktop/Hacking/github-action-fs/actions-runner/bin'
[2025-07-15 06:07:25Z INFO ConfigurationStore] binPath: /home/kali/Desktop/Hacking/github-action-fs/actions-runner/bin
[2025-07-15 06:07:25Z INFO HostContext] Well known directory 'Bin': '/home/kali/Desktop/Hacking/github-action-fs/actions-runner/bin'
[2025-07-15 06:07:25Z INFO HostContext] Well known directory 'Root': '/home/kali/Desktop/Hacking/github-action-fs/actions-runner'
[2025-07-15 06:07:25Z INFO ConfigurationStore] RootFolder: /home/kali/Desktop/Hacking/github-action-fs/actions-runner
[2025-07-15 06:07:25Z INFO HostContext] Well known directory 'Bin': '/home/kali/Desktop/Hacking/github-action-fs/actions-runner/bin'
[2025-07-15 06:07:25Z INFO HostContext] Well known directory 'Root': '/home/kali/Desktop/Hacking/github-action-fs/actions-runner'
[2025-07-15 06:07:25Z INFO HostContext] Well known config file 'Runner': '/home/kali/Desktop/Hacking/github-action-fs/actions-runner/.runner'
[2025-07-15 06:07:25Z INFO ConfigurationStore] ConfigFilePath: /home/kali/Desktop/Hacking/github-action-fs/actions-runner/.runner
[2025-07-15 06:07:25Z INFO HostContext] Well known directory 'Bin': '/home/kali/Desktop/Hacking/github-action-fs/actions-runner/bin'
[2025-07-15 06:07:25Z INFO HostContext] Well known directory 'Root': '/home/kali/Desktop/Hacking/github-action-fs/actions-runner'
[2025-07-15 06:07:25Z INFO HostContext] Well known config file 'MigratedRunner': '/home/kali/Desktop/Hacking/github-action-fs/actions-runner/.runner_migrated'
[2025-07-15 06:07:25Z INFO ConfigurationStore] MigratedConfigFilePath: /home/kali/Desktop/Hacking/github-action-fs/actions-runner/.runner_migrated
[2025-07-15 06:07:25Z INFO HostContext] Well known directory 'Bin': '/home/kali/Desktop/Hacking/github-action-fs/actions-runner/bin'
[2025-07-15 06:07:25Z INFO HostContext] Well known directory 'Root': '/home/kali/Desktop/Hacking/github-action-fs/actions-runner'
[2025-07-15 06:07:25Z INFO HostContext] Well known config file 'Credentials': '/home/kali/Desktop/Hacking/github-action-fs/actions-runner/.credentials'
[2025-07-15 06:07:25Z INFO ConfigurationStore] CredFilePath: /home/kali/Desktop/Hacking/github-action-fs/actions-runner/.credentials
[2025-07-15 06:07:25Z INFO HostContext] Well known directory 'Bin': '/home/kali/Desktop/Hacking/github-action-fs/actions-runner/bin'
[2025-07-15 06:07:25Z INFO HostContext] Well known directory 'Root': '/home/kali/Desktop/Hacking/github-action-fs/actions-runner'
[2025-07-15 06:07:25Z INFO HostContext] Well known config file 'MigratedCredentials': '/home/kali/Desktop/Hacking/github-action-fs/actions-runner/.credentials_migrated'
[2025-07-15 06:07:25Z INFO ConfigurationStore] MigratedCredFilePath: /home/kali/Desktop/Hacking/github-action-fs/actions-runner/.credentials_migrated
[2025-07-15 06:07:25Z INFO HostContext] Well known directory 'Bin': '/home/kali/Desktop/Hacking/github-action-fs/actions-runner/bin'
[2025-07-15 06:07:25Z INFO HostContext] Well known directory 'Root': '/home/kali/Desktop/Hacking/github-action-fs/actions-runner'
[2025-07-15 06:07:25Z INFO HostContext] Well known config file 'Service': '/home/kali/Desktop/Hacking/github-action-fs/actions-runner/.service'
[2025-07-15 06:07:25Z INFO ConfigurationStore] ServiceConfigFilePath: /home/kali/Desktop/Hacking/github-action-fs/actions-runner/.service
[2025-07-15 06:07:25Z INFO CommandSettings] Flag 'help': 'False'
[2025-07-15 06:07:25Z INFO CommandSettings] Flag 'version': 'False'
[2025-07-15 06:07:25Z INFO CommandSettings] Flag 'commit': 'False'
[2025-07-15 06:07:25Z INFO CommandSettings] Flag 'check': 'False'
[2025-07-15 06:07:25Z INFO CommandSettings] Command 'configure': 'True'
[2025-07-15 06:07:25Z INFO Terminal] WRITE LINE: 
[2025-07-15 06:07:25Z INFO Terminal] WRITE LINE: --------------------------------------------------------------------------------
[2025-07-15 06:07:25Z INFO Terminal] WRITE LINE: |        ____ _ _   _   _       _          _        _   _                      |
[2025-07-15 06:07:25Z INFO Terminal] WRITE LINE: |       / ___(_) |_| | | |_   _| |__      / \   ___| |_(_) ___  _ __  ___      |
[2025-07-15 06:07:25Z INFO Terminal] WRITE LINE: |      | |  _| | __| |_| | | | | '_ \    / _ \ / __| __| |/ _ \| '_ \/ __|     |
[2025-07-15 06:07:25Z INFO Terminal] WRITE LINE: |      | |_| | | |_|  _  | |_| | |_) |  / ___ \ (__| |_| | (_) | | | \__ \     |
[2025-07-15 06:07:25Z INFO Terminal] WRITE LINE: |       \____|_|\__|_| |_|\__,_|_.__/  /_/   \_\___|\__|_|\___/|_| |_|___/     |
[2025-07-15 06:07:25Z INFO Terminal] WRITE LINE: |                                                                              |
[2025-07-15 06:07:25Z INFO Terminal] WRITE: |                       
[2025-07-15 06:07:25Z INFO Terminal] WRITE: Self-hosted runner registration
[2025-07-15 06:07:25Z INFO Terminal] WRITE LINE:                         |
[2025-07-15 06:07:25Z INFO Terminal] WRITE LINE: |                                                                              |
[2025-07-15 06:07:25Z INFO Terminal] WRITE LINE: --------------------------------------------------------------------------------
[2025-07-15 06:07:25Z INFO ConfigurationManager] ConfigureAsync
[2025-07-15 06:07:25Z INFO CommandSettings] Flag 'generateServiceConfig': 'False'
[2025-07-15 06:07:25Z INFO ConfigurationStore] IsConfigured()
[2025-07-15 06:07:25Z INFO ConfigurationStore] IsConfigured: False
[2025-07-15 06:07:25Z INFO ConfigurationManager] Is configured: False
[2025-07-15 06:07:25Z INFO CommandSettings] Arg 'url': 'https://github.com/Abdullah723669-cmk/github-action-fs'
[2025-07-15 06:07:25Z INFO CommandSettings] Remove url from Arg dictionary.
[2025-07-15 06:07:25Z INFO CommandSettings] Arg 'token': '***'
[2025-07-15 06:07:25Z INFO CommandSettings] Remove token from Arg dictionary.
[2025-07-15 06:07:27Z INFO ConfigurationManager] Http response code: OK from 'POST https://api.github.com/actions/runner-registration' (CB3D:219F85:2C710F:33D241:6875F01E)
[2025-07-15 06:07:28Z INFO ConfigurationManager] Using V2 flow: False
[2025-07-15 06:07:28Z INFO ConfigurationManager] cred retrieved via GitHub auth
[2025-07-15 06:07:28Z INFO RunnerServer] EstablishVssConnection
[2025-07-15 06:07:28Z INFO RunnerServer] Establish connection with 100 seconds timeout.
[2025-07-15 06:07:28Z INFO GitHubActionsService] Starting operation Location.GetConnectionData
[2025-07-15 06:07:28Z INFO RunnerServer] EstablishVssConnection
[2025-07-15 06:07:28Z INFO RunnerServer] Establish connection with 60 seconds timeout.
[2025-07-15 06:07:28Z INFO GitHubActionsService] Starting operation Location.GetConnectionData
[2025-07-15 06:07:28Z INFO RunnerServer] EstablishVssConnection
[2025-07-15 06:07:28Z INFO RunnerServer] Establish connection with 60 seconds timeout.
[2025-07-15 06:07:28Z INFO GitHubActionsService] Starting operation Location.GetConnectionData
[2025-07-15 06:07:30Z INFO GitHubActionsService] Finished operation Location.GetConnectionData
[2025-07-15 06:07:31Z INFO GitHubActionsService] Finished operation Location.GetConnectionData
[2025-07-15 06:07:31Z INFO GitHubActionsService] Finished operation Location.GetConnectionData
[2025-07-15 06:07:31Z INFO Terminal] WRITE LINE: 
[2025-07-15 06:07:31Z INFO ConfigurationManager] Test Connection complete.
[2025-07-15 06:07:31Z INFO HostContext] Well known directory 'Bin': '/home/kali/Desktop/Hacking/github-action-fs/actions-runner/bin'
[2025-07-15 06:07:31Z INFO HostContext] Well known directory 'Root': '/home/kali/Desktop/Hacking/github-action-fs/actions-runner'
[2025-07-15 06:07:31Z INFO HostContext] Well known config file 'RSACredentials': '/home/kali/Desktop/Hacking/github-action-fs/actions-runner/.credentials_rsaparams'
[2025-07-15 06:07:31Z INFO RSAFileKeyManager] Creating new RSA key using 2048-bit key length
[2025-07-15 06:07:31Z INFO RSAFileKeyManager] Successfully saved RSA key parameters to file /home/kali/Desktop/Hacking/github-action-fs/actions-runner/.credentials_rsaparams
[2025-07-15 06:07:31Z INFO RSAFileKeyManager] Which2: 'chmod'
[2025-07-15 06:07:33Z INFO RSAFileKeyManager] Location: '/usr/bin/chmod'
[2025-07-15 06:07:33Z INFO HostContext] Well known directory 'Bin': '/home/kali/Desktop/Hacking/github-action-fs/actions-runner/bin'
[2025-07-15 06:07:33Z INFO HostContext] Well known directory 'Root': '/home/kali/Desktop/Hacking/github-action-fs/actions-runner'
[2025-07-15 06:07:33Z INFO ProcessInvokerWrapper] Starting process:
[2025-07-15 06:07:33Z INFO ProcessInvokerWrapper]   File name: '/usr/bin/chmod'
[2025-07-15 06:07:33Z INFO ProcessInvokerWrapper]   Arguments: '600 /home/kali/Desktop/Hacking/github-action-fs/actions-runner/.credentials_rsaparams'
[2025-07-15 06:07:33Z INFO ProcessInvokerWrapper]   Working directory: '/home/kali/Desktop/Hacking/github-action-fs/actions-runner'
[2025-07-15 06:07:33Z INFO ProcessInvokerWrapper]   Require exit code zero: 'False'
[2025-07-15 06:07:33Z INFO ProcessInvokerWrapper]   Encoding web name:  ; code page: ''
[2025-07-15 06:07:33Z INFO ProcessInvokerWrapper]   Force kill process on cancellation: 'False'
[2025-07-15 06:07:33Z INFO ProcessInvokerWrapper]   Redirected STDIN: 'False'
[2025-07-15 06:07:33Z INFO ProcessInvokerWrapper]   Persist current code page: 'False'
[2025-07-15 06:07:33Z INFO ProcessInvokerWrapper]   Keep redirected STDIN open: 'False'
[2025-07-15 06:07:33Z INFO ProcessInvokerWrapper]   High priority process: 'False'
[2025-07-15 06:07:33Z INFO ProcessInvokerWrapper] Updated oom_score_adj to 500 for PID: 25759.
[2025-07-15 06:07:33Z INFO ProcessInvokerWrapper] Process started with process id 25759, waiting for process exit.
[2025-07-15 06:07:33Z INFO ProcessInvokerWrapper] STDOUT/STDERR stream read finished.
[2025-07-15 06:07:33Z INFO ProcessInvokerWrapper] STDOUT/STDERR stream read finished.
[2025-07-15 06:07:33Z INFO ProcessInvokerWrapper] Finished process 25759 with exit code 0, and elapsed time 00:00:00.0942327.
[2025-07-15 06:07:33Z INFO RSAFileKeyManager] Successfully set permissions for RSA key parameters file /home/kali/Desktop/Hacking/github-action-fs/actions-runner/.credentials_rsaparams
[2025-07-15 06:07:33Z INFO CommandSettings] Arg 'runnergroup': ''
[2025-07-15 06:07:33Z INFO CommandSettings] Flag 'unattended': 'False'
[2025-07-15 06:07:33Z INFO PromptManager] ReadValue
[2025-07-15 06:07:33Z INFO Terminal] WRITE: Enter the name of the runner group to add this runner to: 
[2025-07-15 06:07:33Z INFO Terminal] WRITE: [press Enter for Default] 
[2025-07-15 06:07:33Z INFO Terminal] READ LINE
[2025-07-15 06:07:38Z INFO Terminal] Read value: ''
[2025-07-15 06:07:38Z INFO PromptManager] Falling back to the default: 'Default'
[2025-07-15 06:07:38Z INFO Terminal] WRITE LINE: 
[2025-07-15 06:07:38Z INFO ConfigurationManager] Found a self-hosted runner group with id 1 and name Default
[2025-07-15 06:07:38Z INFO CommandSettings] Flag 'disableupdate': 'False'
[2025-07-15 06:07:38Z INFO CommandSettings] Flag 'ephemeral': 'False'
[2025-07-15 06:07:38Z INFO CommandSettings] Arg 'name': ''
[2025-07-15 06:07:38Z INFO CommandSettings] Flag 'unattended': 'False'
[2025-07-15 06:07:38Z INFO PromptManager] ReadValue
[2025-07-15 06:07:38Z INFO Terminal] WRITE: Enter the name of runner: 
[2025-07-15 06:07:38Z INFO Terminal] WRITE: [press Enter for kali] 
[2025-07-15 06:07:38Z INFO Terminal] READ LINE
[2025-07-15 06:07:40Z INFO Terminal] Read value: ''
[2025-07-15 06:07:40Z INFO PromptManager] Falling back to the default: 'kali'
[2025-07-15 06:07:40Z INFO Terminal] WRITE LINE: 
[2025-07-15 06:07:40Z INFO CommandSettings] Arg 'labels': ''
[2025-07-15 06:07:40Z INFO CommandSettings] Flag 'unattended': 'False'
[2025-07-15 06:07:40Z INFO PromptManager] ReadValue
[2025-07-15 06:07:40Z INFO Terminal] WRITE: This runner will have the following labels: 'self-hosted', 'Linux', 'X64' 
Enter any additional labels (ex. label-1,label-2): 
[2025-07-15 06:07:40Z INFO Terminal] WRITE: [press Enter to skip] 
[2025-07-15 06:07:40Z INFO Terminal] READ LINE
[2025-07-15 06:07:41Z INFO Terminal] Read value: ''
[2025-07-15 06:07:41Z INFO Terminal] WRITE LINE: 
[2025-07-15 06:07:41Z INFO CommandSettings] Flag 'disableupdate': 'False'
[2025-07-15 06:07:41Z INFO CommandSettings] Flag 'no-default-labels': 'False'
[2025-07-15 06:07:42Z INFO CommandSettings] Flag 'disableupdate': 'False'
[2025-07-15 06:07:42Z INFO CommandSettings] Flag 'ephemeral': 'False'
[2025-07-15 06:07:42Z INFO ConfigurationStore] Saving OAuth credential @ /home/kali/Desktop/Hacking/github-action-fs/actions-runner/.credentials
[2025-07-15 06:07:42Z INFO ConfigurationStore] Credentials Saved.
[2025-07-15 06:07:42Z INFO ConfigurationStore] HasCredentials()
[2025-07-15 06:07:42Z INFO ConfigurationStore] stored True
[2025-07-15 06:07:42Z INFO CredentialManager] GetCredentialProvider
[2025-07-15 06:07:42Z INFO CredentialManager] Creating type OAuth
[2025-07-15 06:07:42Z INFO CredentialManager] Creating credential type: OAuth
[2025-07-15 06:07:42Z INFO RSAFileKeyManager] Loading RSA key parameters from file /home/kali/Desktop/Hacking/github-action-fs/actions-runner/.credentials_rsaparams
[2025-07-15 06:07:42Z INFO RunnerServer] EstablishVssConnection
[2025-07-15 06:07:42Z INFO RunnerServer] Establish connection with 100 seconds timeout.
[2025-07-15 06:07:42Z INFO GitHubActionsService] Starting operation Location.GetConnectionData
[2025-07-15 06:07:42Z INFO RunnerServer] EstablishVssConnection
[2025-07-15 06:07:42Z INFO RunnerServer] Establish connection with 60 seconds timeout.
[2025-07-15 06:07:42Z INFO GitHubActionsService] Starting operation Location.GetConnectionData
[2025-07-15 06:07:42Z INFO RunnerServer] EstablishVssConnection
[2025-07-15 06:07:42Z INFO RunnerServer] Establish connection with 60 seconds timeout.
[2025-07-15 06:07:42Z INFO GitHubActionsService] Starting operation Location.GetConnectionData
[2025-07-15 06:07:43Z INFO GitHubActionsService] Finished operation Location.GetConnectionData
[2025-07-15 06:07:43Z INFO GitHubActionsService] Finished operation Location.GetConnectionData
[2025-07-15 06:07:43Z INFO GitHubActionsService] Finished operation Location.GetConnectionData
[2025-07-15 06:07:43Z INFO RSAFileKeyManager] Loading RSA key parameters from file /home/kali/Desktop/Hacking/github-action-fs/actions-runner/.credentials_rsaparams
[2025-07-15 06:07:43Z INFO RSAFileKeyManager] Loading RSA key parameters from file /home/kali/Desktop/Hacking/github-action-fs/actions-runner/.credentials_rsaparams
[2025-07-15 06:07:44Z INFO GitHubActionsService] AAD Correlation ID for this token request: Unknown
[2025-07-15 06:07:44Z INFO ConfigurationManager] Service enforced serverUrlV2: https://broker.actions.githubusercontent.com/
[2025-07-15 06:07:44Z INFO ConfigurationManager] Service enforced useV2Flow: True
[2025-07-15 06:07:44Z INFO CommandSettings] Arg 'work': ''
[2025-07-15 06:07:44Z INFO CommandSettings] Flag 'unattended': 'False'
[2025-07-15 06:07:44Z INFO PromptManager] ReadValue
[2025-07-15 06:07:44Z INFO Terminal] WRITE: Enter name of work folder: 
[2025-07-15 06:07:44Z INFO Terminal] WRITE: [press Enter for _work] 
[2025-07-15 06:07:44Z INFO Terminal] READ LINE
[2025-07-15 06:07:50Z INFO Terminal] Read value: ''
[2025-07-15 06:07:50Z INFO PromptManager] Falling back to the default: '_work'
[2025-07-15 06:07:50Z INFO ConfigurationStore] Saving runner settings.
[2025-07-15 06:07:50Z INFO ConfigurationStore] Settings Saved.
[2025-07-15 06:07:50Z INFO Terminal] WRITE LINE: 
[2025-07-15 06:07:50Z INFO Terminal] WRITE LINE: 
[2025-07-15 06:07:50Z INFO SystemDControlManager] Service name 'actions.runner.Abdullah723669-cmk-github-action-fs.kali.service' display name 'GitHub Actions Runner (Abdullah723669-cmk-github-action-fs.kali)' will be used for service configuration.
[2025-07-15 06:07:50Z INFO HostContext] Well known directory 'Bin': '/home/kali/Desktop/Hacking/github-action-fs/actions-runner/bin'
[2025-07-15 06:07:50Z INFO HostContext] Well known directory 'Root': '/home/kali/Desktop/Hacking/github-action-fs/actions-runner'
[2025-07-15 06:07:50Z INFO HostContext] Well known directory 'Bin': '/home/kali/Desktop/Hacking/github-action-fs/actions-runner/bin'
[2025-07-15 06:07:50Z INFO HostContext] Well known directory 'Bin': '/home/kali/Desktop/Hacking/github-action-fs/actions-runner/bin'
[2025-07-15 06:07:50Z INFO HostContext] Well known directory 'Root': '/home/kali/Desktop/Hacking/github-action-fs/actions-runner'
[2025-07-15 06:07:50Z INFO UnixUtil] Which2: 'chmod'
[2025-07-15 06:07:50Z INFO UnixUtil] Location: '/usr/bin/chmod'
[2025-07-15 06:07:50Z INFO UnixUtil] Running /usr/bin/chmod 755 "/home/kali/Desktop/Hacking/github-action-fs/actions-runner/svc.sh"
[2025-07-15 06:07:50Z INFO ProcessInvokerWrapper] Starting process:
[2025-07-15 06:07:50Z INFO ProcessInvokerWrapper]   File name: '/usr/bin/chmod'
[2025-07-15 06:07:50Z INFO ProcessInvokerWrapper]   Arguments: '755 "/home/kali/Desktop/Hacking/github-action-fs/actions-runner/svc.sh"'
[2025-07-15 06:07:50Z INFO ProcessInvokerWrapper]   Working directory: '/home/kali/Desktop/Hacking/github-action-fs/actions-runner'
[2025-07-15 06:07:50Z INFO ProcessInvokerWrapper]   Require exit code zero: 'True'
[2025-07-15 06:07:50Z INFO ProcessInvokerWrapper]   Encoding web name:  ; code page: ''
[2025-07-15 06:07:50Z INFO ProcessInvokerWrapper]   Force kill process on cancellation: 'False'
[2025-07-15 06:07:50Z INFO ProcessInvokerWrapper]   Redirected STDIN: 'False'
[2025-07-15 06:07:50Z INFO ProcessInvokerWrapper]   Persist current code page: 'False'
[2025-07-15 06:07:50Z INFO ProcessInvokerWrapper]   Keep redirected STDIN open: 'False'
[2025-07-15 06:07:50Z INFO ProcessInvokerWrapper]   High priority process: 'False'
[2025-07-15 06:07:50Z INFO ProcessInvokerWrapper] Updated oom_score_adj to 500 for PID: 26010.
[2025-07-15 06:07:50Z INFO ProcessInvokerWrapper] Process started with process id 26010, waiting for process exit.
[2025-07-15 06:07:50Z INFO ProcessInvokerWrapper] STDOUT/STDERR stream read finished.
[2025-07-15 06:07:50Z INFO ProcessInvokerWrapper] STDOUT/STDERR stream read finished.
[2025-07-15 06:07:50Z INFO ProcessInvokerWrapper] Finished process 26010 with exit code 0, and elapsed time 00:00:00.0257380.
[2025-07-15 06:07:50Z INFO Listener] Runner execution has finished with return code 0
